itmametkadihrov@dk6n64 ~ $ cd /var/tmp/ id -un
bash: cd: слишком много аргументов
itmametkadihrov@dk6n64 ~ $ cd /var/tmp
itmametkadihrov@dk6n64 /var/tmp $ mkdir /var/tmp/ id -un
mkdir: неверный ключ — «u»
По команде «mkdir --help» можно получить дополнительную информацию.
itmametkadihrov@dk6n64 /var/tmp $ mkdir /var/tmp/ id itmametkadihrov  
mkdir: невозможно создать каталог «/var/tmp/»: Файл существует
mkdir: невозможно создать каталог «itmametkadihrov»: Файл существует
itmametkadihrov@dk6n64 /var/tmp $ mkdir /var/tmp/ id -itmametkadihrov
mkdir: неверный ключ — «i»
По команде «mkdir --help» можно получить дополнительную информацию.
itmametkadihrov@dk6n64 /var/tmp $ mkdir /var/tmp/ itmametkadihrov
mkdir: невозможно создать каталог «/var/tmp/»: Файл существует
mkdir: невозможно создать каталог «itmametkadihrov»: Файл существует
itmametkadihrov@dk6n64 /var/tmp $ mkdir itmametkadihrov
mkdir: невозможно создать каталог «itmametkadihrov»: Файл существует
itmametkadihrov@dk6n64 /var/tmp $ list
bash: list: команда не найдена
itmametkadihrov@dk6n64 /var/tmp $ ls
ammayjsarov
id
itmametkadihrov
root
systemd-private-9ce74dd7811a43aaadc472f4004d7ae8-colord.service-LveHwf
systemd-private-9ce74dd7811a43aaadc472f4004d7ae8-systemd-logind.service-i4HhLi
systemd-private-9ce74dd7811a43aaadc472f4004d7ae8-systemd-resolved.service-up9hYf
systemd-private-9ce74dd7811a43aaadc472f4004d7ae8-systemd-timesyncd.service-vma07i
systemd-private-9ce74dd7811a43aaadc472f4004d7ae8-upower.service-Bpz5Ci
user33
user43
itmametkadihrov@dk6n64 /var/tmp $ VirtualBox &
[1] 3444
itmametkadihrov@dk6n64 /var/tmp $ WARNING: The vboxdrv kernel module is not loaded. Either there is no module
         available for the current kernel (5.10.8-gentoo) or it failed to
         load. Please recompile the kernel module and install it by

           for m in vbox{drv,netadp,netflt}; do modprobe $m; done

         You will not be able to start VMs until this problem is fixed.
itmametkadihrov@dk6n64 /var/tmp $ git config --global "npmbd"
error: key does not contain a section: npmbd
[1]+  Завершён        VirtualBox
itmametkadihrov@dk6n64 /var/tmp $ git config --global user.name "npmbd"
itmametkadihrov@dk6n64 /var/tmp $ git config --global user.email "mametkadyrov.y@gmail.com"
itmametkadihrov@dk6n64 /var/tmp $ git config --global quotepathfalse
error: key does not contain a section: quotepathfalse
itmametkadihrov@dk6n64 /var/tmp $ git config --global quotepath
error: key does not contain a section: quotepath
itmametkadihrov@dk6n64 /var/tmp $ git config --global quotepath false  
error: key does not contain a section: quotepath
itmametkadihrov@dk6n64 /var/tmp $ utf-8
bash: utf-8: команда не найдена
itmametkadihrov@dk6n64 /var/tmp $ cd
itmametkadihrov@dk6n64 ~ $ mkdir tutorial
itmametkadihrov@dk6n64 ~ $ git init
Инициализирован пустой репозиторий Git в /afs/.dk.sci.pfu.edu.ru/home/i/t/itmametkadihrov/.git/
itmametkadihrov@dk6n64 ~ $ cd tutorial
itmametkadihrov@dk6n64 ~/tutorial $ git init
Инициализирован пустой репозиторий Git в /afs/.dk.sci.pfu.edu.ru/home/i/t/itmametkadihrov/tutorial/.git/
itmametkadihrov@dk6n64 ~/tutorial $ echo'hello world'> hello.txt
bash: echohello world: команда не найдена
itmametkadihrov@dk6n64 ~/tutorial $ echo 'hello world' > hello.txt
itmametkadihrov@dk6n64 ~/tutorial $ git add hello.txt
itmametkadihrov@dk6n64 ~/tutorial $ git commit -am 'New file' 
[master (корневой коммит) 5cb8cb5] New file
 1 file changed, 1 insertion(+)
 create mode 100644 hello.txt
itmametkadihrov@dk6n64 ~/tutorial $ git status
На ветке master
нечего коммитить, нет изменений в рабочем каталоге
itmametkadihrov@dk6n64 ~/tutorial $ curl -L -s https://www.gitignore.io/api/list
1c,1c-bitrix,a-frame,actionscript,ada
adobe,advancedinstaller,adventuregamestudio,agda,al
alteraquartusii,altium,amplify,android,androidstudio
angular,anjuta,ansible,apachecordova,apachehadoop
appbuilder,appceleratortitanium,appcode,appcode+all,appcode+iml
appengine,aptanastudio,arcanist,archive,archives
archlinuxpackages,aspnetcore,assembler,ate,atmelstudio
ats,audio,automationstudio,autotools,autotools+strict
awr,azurefunctions,backup,ballerina,basercms
basic,batch,bazaar,bazel,bitrise
bitrix,bittorrent,blackbox,bloop,bluej
bookdown,bower,bricxcc,buck,c
c++,cake,cakephp,cakephp2,cakephp3
calabash,carthage,certificates,ceylon,cfwheels
chefcookbook,chocolatey,clean,clion,clion+all
clion+iml,clojure,cloud9,cmake,cocoapods
cocos2dx,cocoscreator,code,code-java,codeblocks
codecomposerstudio,codeigniter,codeio,codekit,codesniffer
coffeescript,commonlisp,compodoc,composer,compressed
compressedarchive,compression,conan,concrete5,coq
cordova,craftcms,crashlytics,crbasic,crossbar
crystal,cs-cart,csharp,cuda,cvs
cypressio,d,dart,darteditor,data
database,datarecovery,dbeaver,defold,delphi
dframe,diff,direnv,diskimage,django
dm,docfx,docpress,docz,dotenv
dotfilessh,dotnetcore,dotsettings,dreamweaver,dropbox
drupal,drupal7,drupal8,e2studio,eagle
easybook,eclipse,eiffelstudio,elasticbeanstalk,elisp
elixir,elm,emacs,ember,ensime
episerver,erlang,espresso,executable,exercism
expressionengine,extjs,fancy,fastlane,finale
firebase,flashbuilder,flask,flatpak,flex
flexbuilder,floobits,flutter,font,fontforge
forcedotcom,forgegradle,fortran,freepascal,fsharp
fuelphp,fusetools,games,gcov,genero4gl
geth,ggts,gis,git,gitbook
go,godot,goodsync,gpg,gradle
grails,greenfoot,groovy,grunt,gwt
haskell,helm,hexo,hol,homeassistant
homebrew,hsp,hugo,hyperledgercomposer,iar
iar_ewarm,iarembeddedworkbench,idapro,idris,igorpro
images,infer,inforcms,inforcrm,intellij
intellij+all,intellij+iml,ionic3,jabref,java
java-web,jboss,jboss-4-2-3-ga,jboss-6-x,jboss4
jboss6,jdeveloper,jekyll,jenv,jetbrains
jetbrains+all,jetbrains+iml,jgiven,jigsaw,jmeter
joe,joomla,jspm,julia,jupyternotebooks
justcode,kate,kdevelop4,kdiff3,keil
kentico,kicad,kirby2,kobalt,kohana
komodoedit,konyvisualizer,kotlin,labview,labviewnxg
lamp,laravel,latex,lazarus,leiningen
lemonstand,less,liberosoc,librarian-chef,libreoffice
lilypond,linux,lithium,localstack,logtalk
lsspice,ltspice,lua,lyx,m2e
macos,magento,magento1,magento2,magic-xpa
matlab,maven,mavensmate,mdbook,mean
mercurial,mercury,meson,metals,metaprogrammingsystem
meteor,meteorjs,microsoftoffice,mikroc,moban
modelsim,modx,momentics,monodevelop,mplabx
mule,nanoc,nativescript,ncrunch,nesc
netbeans,nette,nikola,nim,ninja
node,nodechakratimetraveldebug,nohup,notepadpp,nova
now,nuxt,nuxtjs,nwjs,objective-c
ocaml,octave,octobercms,opa,opencart
opencv,openfoam,openframeworks,openframeworks+visualstudio,oracleforms
orcad,osx,otto,oxideshop,oxygenxmleditor
packer,particle,patch,pawn,perl
perl6,ph7cms,phalcon,phoenix,phpcodesniffer
phpstorm,phpstorm+all,phpstorm+iml,phpunit,pico8
pimcore,pimcore4,pimcore5,pinegrow,platformio
playframework,plone,polymer,powershell,premake-gmake
prepros,prestashop,processing,progressabl,psoccreator
puppet,puppet-librarian,purebasic,purescript,putty
pvs,pycharm,pycharm+all,pycharm+iml,pydev
python,qml,qooxdoo,qt,qtcreator
r,racket,rails,react,reactnative
reasonml,red,redcar,redis,retool
rhodesrhomobile,rider,root,ros,ruby
rubymine,rubymine+all,rubymine+iml,rust,salesforce
salesforcedx,sam,sas,sass,sbt
scala,scheme,scons,scrivener,sdcc
seamgen,senchatouch,serverless,shopware,silverstripe
sketchup,slickedit,smalltalk,snap,snapcraft
solidity,soliditytruffle,sonar,sonarqube,sourcepawn
spark,splunk,spreadsheet,ssh,standardml
stata,stdlib,stella,stellar,storybookjs
strapi,stylus,sublimetext,sugarcrm,svn
swift,swiftpackagemanager,swiftpm,symfony,symphonycms
synology,synopsysvcs,tags,tarmainstallmate,terraform
terragrunt,test,testcomplete,testinfra,tex
text,textmate,textpattern,theos-tweak,thinkphp
tla+,tortoisegit,tower,turbogears2,twincat3
tye,typings,typo3,typo3-composer,umbraco
unity,unrealengine,vaadin,vagrant,valgrind
vapor,venv,vertx,video,vim
virtualenv,virtuoso,visualstudio,visualstudiocode,vivado
vlab,vs,vscode,vue,vuejs
vvvv,waf,wakanda,web,webmethods
webstorm,webstorm+all,webstorm+iml,werckercli,windows
wintersmith,wordpress,wyam,xamarinstudio,xcode
xcodeinjection,xilinx,xilinxise,xilinxvivado,xill
xojo,xtext,y86,yarn,yeoman
yii,yii2,zendframework,zephir,zig
zsh,zukencr8000itmametkadihrov@dk6n64 ~/tutorial $ curl -L -s https://www.gitignore.io/api/c >> .gitignore
itmametkadihrov@dk6n64 ~/tutorial $ curl -L -s https://www.gitignore.io/api/c++ >> .gitignore
itmametkadihrov@dk6n64 ~/tutorial $ ssh-keygen -C "npmbd <mametkadyrov.y@gmail.com>"
Generating public/private rsa key pair.
Enter file in which to save the key (/afs/.dk.sci.pfu.edu.ru/home/i/t/itmametkadihrov/.ssh/id_rsa): 
Created directory '/afs/.dk.sci.pfu.edu.ru/home/i/t/itmametkadihrov/.ssh'.
Enter passphrase (empty for no passphrase): 
Enter same passphrase again: 
Your identification has been saved in /afs/.dk.sci.pfu.edu.ru/home/i/t/itmametkadihrov/.ssh/id_rsa
Your public key has been saved in /afs/.dk.sci.pfu.edu.ru/home/i/t/itmametkadihrov/.ssh/id_rsa.pub
The key fingerprint is:
SHA256:Lmmsy95inl9voZXjld6ZD5aXs9cFaomXH7D9D0wlPtc npmbd <mametkadyrov.y@gmail.com>
The key's randomart image is:
+---[RSA 3072]----+
|                 |
|                 |
|              . .|
|            ...o.|
|        S  o O+.E|
|     . o  * Xoo+o|
|      = o+ B o*B+|
|   .o= o..o ..=+*|
|   +B+o  ..    o=|
+----[SHA256]-----+
itmametkadihrov@dk6n64 ~/tutorial $ ~/.ssh/
bash: /afs/.dk.sci.pfu.edu.ru/home/i/t/itmametkadihrov/.ssh/: Это каталог
itmametkadihrov@dk6n64 ~/tutorial $ /afs/.dk.sci.pfu.edu.ru/home/i/t/itmametkadihrov/.ssh/id_rsa
bash: /afs/.dk.sci.pfu.edu.ru/home/i/t/itmametkadihrov/.ssh/id_rsa: Отказано в доступе
itmametkadihrov@dk6n64 ~/tutorial $ /afs/.dk.sci.pfu.edu.ru/home/i/t/itmametkadihrov/.ssh
bash: /afs/.dk.sci.pfu.edu.ru/home/i/t/itmametkadihrov/.ssh: Это каталог
itmametkadihrov@dk6n64 ~/tutorial $ /afs/.dk.sci.pfu.edu.ru/home/i/t/itmametkadihrov/.ssh/
bash: /afs/.dk.sci.pfu.edu.ru/home/i/t/itmametkadihrov/.ssh/: Это каталог
itmametkadihrov@dk6n64 ~/tutorial $ ~/.ssh/
bash: /afs/.dk.sci.pfu.edu.ru/home/i/t/itmametkadihrov/.ssh/: Это каталог
itmametkadihrov@dk6n64 ~/tutorial $ cd
itmametkadihrov@dk6n64 ~ $ ~/.ssh/
bash: /afs/.dk.sci.pfu.edu.ru/home/i/t/itmametkadihrov/.ssh/: Это каталог
itmametkadihrov@dk6n64 ~ $ ls
 lab02    lab04   public        tutorial   Документы   Изображения   Общедоступные   Шаблоны
 lab03a   lab05   public_html   Видео      Загрузки    Музыка       'Рабочий стол'
itmametkadihrov@dk6n64 ~ $ cd tutorial
itmametkadihrov@dk6n64 ~/tutorial $ ls
hello.txt
itmametkadihrov@dk6n64 ~/tutorial $ cd..
bash: cd..: команда не найдена
itmametkadihrov@dk6n64 ~/tutorial $ cd ..
itmametkadihrov@dk6n64 ~ $ cd 'Рабочий стол'     
itmametkadihrov@dk6n64 ~/Рабочий стол $ ls
 Lab04.doc         'Снимок экрана в 2020-09-18 15-25-06.png'  'Шаблон тит. лист.doc'
'Лаб03. лист.doc'  'Снимок экрана в 2020-09-18 16-03-12.png'
itmametkadihrov@dk6n64 ~/Рабочий стол $ git config --global quotepath false
error: key does not contain a section: quotepath
itmametkadihrov@dk6n64 ~/Рабочий стол $ cd ..
itmametkadihrov@dk6n64 ~ $ cd tutorial
itmametkadihrov@dk6n64 ~/tutorial $ cat ~/.ssh/id_rsa.pub | xclip -sel clip
itmametkadihrov@dk6n64 ~/tutorial $ git remote add origin
использование: git remote add [<опции>] <имя> <url>

    -f, --fetch           извлечь внешние ветки
    --tags                импортировать все метки и ассоциированные объекты при извлечении
                          или не извлекать метки вообще (--no-tags)
    -t, --track <ветка>   отслеживаемые ветки
    -m, --master <ветка>  мастер ветка
    --mirror[=(push|fetch)]
                          настроить внешний репозиторий как зеркало для отправки или извлечения изменений

itmametkadihrov@dk6n64 ~/tutorial $ ssh://git@github.com/<username>/<reponame>.git
bash: username: Нет такого файла или каталога
itmametkadihrov@dk6n64 ~/tutorial $ git remote add origin
использование: git remote add [<опции>] <имя> <url>

    -f, --fetch           извлечь внешние ветки
    --tags                импортировать все метки и ассоциированные объекты при извлечении
                          или не извлекать метки вообще (--no-tags)
    -t, --track <ветка>   отслеживаемые ветки
    -m, --master <ветка>  мастер ветка
    --mirror[=(push|fetch)]
                          настроить внешний репозиторий как зеркало для отправки или извлечения изменений

itmametkadihrov@dk6n64 ~/tutorial $ ssh://git@github.com/<npmbd>/<lab02>.git      
bash: npmbd: Нет такого файла или каталога
itmametkadihrov@dk6n64 ~/tutorial $ git push -u origin master
fatal: 'origin' does not appear to be a git repository
fatal: Не удалось прочитать из внешнего репозитория.

Удостоверьтесь, что у вас есть необходимые права доступа
и репозиторий существует.
itmametkadihrov@dk6n64 ~/tutorial $ git push
fatal: Не настроена точка назначения для отправки.
Либо укажите URL с помощью командной строки, либо настройте внешний репозиторий с помощью

    git remote add <имя> <адрес>

а затем отправьте изменения с помощью имени внешнего репозитория

    git push <имя>

itmametkadihrov@dk6n64 ~/tutorial $ git pull
У текущей ветки нет информации об отслеживании.
Пожалуйста, укажите с какой веткой вы хотите слить изменения.
Для дополнительной информации, смотрите git-pull(1).

    git pull <внешний-репозиторий> <ветка>

Если вы хотите указать информацию о отслеживаемой ветке, выполните:

    git branch --set-upstream-to=<внешний-репозиторий>/<ветка> master

itmametkadihrov@dk6n64 ~/tutorial $ git remote add origin                   
использование: git remote add [<опции>] <имя> <url>

    -f, --fetch           извлечь внешние ветки
    --tags                импортировать все метки и ассоциированные объекты при извлечении
                          или не извлекать метки вообще (--no-tags)
    -t, --track <ветка>   отслеживаемые ветки
    -m, --master <ветка>  мастер ветка
    --mirror[=(push|fetch)]
                          настроить внешний репозиторий как зеркало для отправки или извлечения изменений

itmametkadihrov@dk6n64 ~/tutorial $ ssh://git@github.com/<npmbd>/<lab02>.git
bash: npmbd: Нет такого файла или каталога
itmametkadihrov@dk6n64 ~/tutorial $ ssh://github.com/npmbd/lab02.git      
bash: ssh://github.com/npmbd/lab02.git: Нет такого файла или каталога
itmametkadihrov@dk6n64 ~/tutorial $ echo "# lab02" >> README.md
itmametkadihrov@dk6n64 ~/tutorial $ git init
Переинициализирован существующий репозиторий Git в /afs/.dk.sci.pfu.edu.ru/home/i/t/itmametkadihrov/tutorial/.git/
itmametkadihrov@dk6n64 ~/tutorial $ git add README.md
itmametkadihrov@dk6n64 ~/tutorial $ git commit -m "first commit"
[master 0e1e045] first commit
 1 file changed, 1 insertion(+)
 create mode 100644 README.md
itmametkadihrov@dk6n64 ~/tutorial $ git branch -M main
itmametkadihrov@dk6n64 ~/tutorial $ git remote add origin https://github.com/npmbd/lab02.git
itmametkadihrov@dk6n64 ~/tutorial $ git push -u origin main
Username for 'https://github.com': npmbd
Password for 'https://npmbd@github.com': 
Перечисление объектов: 6, готово.
Подсчет объектов: 100% (6/6), готово.
При сжатии изменений используется до 6 потоков
Сжатие объектов: 100% (3/3), готово.
Запись объектов: 100% (6/6), 475 bytes | 475.00 KiB/s, готово.
Total 6 (delta 0), reused 0 (delta 0), pack-reused 0
To https://github.com/npmbd/lab02.git
 * [new branch]      main -> main
Ветка «main» отслеживает внешнюю ветку «main» из «origin».
itmametkadihrov@dk6n64 ~/tutorial $ cd laboratory
bash: cd: laboratory: Нет такого файла или каталога
itmametkadihrov@dk6n64 ~/tutorial $ mkdir laboratory
itmametkadihrov@dk6n64 ~/tutorial $ cd laboratory   
itmametkadihrov@dk6n64 ~/tutorial/laboratory $ git init
Инициализирован пустой репозиторий Git в /afs/.dk.sci.pfu.edu.ru/home/i/t/itmametkadihrov/tutorial/laboratory/.git/
itmametkadihrov@dk6n64 ~/tutorial/laboratory $ echo "# Лабораторные работы" >> README.md
itmametkadihrov@dk6n64 ~/tutorial/laboratory $ git add README.md
itmametkadihrov@dk6n64 ~/tutorial/laboratory $ git commit -m "first commit"
[master (корневой коммит) 60bf977] first commit
 1 file changed, 1 insertion(+)
 create mode 100644 README.md
itmametkadihrov@dk6n64 ~/tutorial/laboratory $ git remote add origin
использование: git remote add [<опции>] <имя> <url>

    -f, --fetch           извлечь внешние ветки
    --tags                импортировать все метки и ассоциированные объекты при извлечении
                          или не извлекать метки вообще (--no-tags)
    -t, --track <ветка>   отслеживаемые ветки
    -m, --master <ветка>  мастер ветка
    --mirror[=(push|fetch)]
                          настроить внешний репозиторий как зеркало для отправки или извлечения изменений

itmametkadihrov@dk6n64 ~/tutorial/laboratory $ git@github.com:<npmbd>/sciproc-intro.git   
bash: npmbd: Нет такого файла или каталога
itmametkadihrov@dk6n64 ~/tutorial/laboratory $ git@github.com:<npmbd>/os-intro.git
bash: npmbd: Нет такого файла или каталога
itmametkadihrov@dk6n64 ~/tutorial/laboratory $ git push -u origin master
fatal: 'origin' does not appear to be a git repository
fatal: Не удалось прочитать из внешнего репозитория.

Удостоверьтесь, что у вас есть необходимые права доступа
и репозиторий существует.
itmametkadihrov@dk6n64 ~/tutorial/laboratory $ git remote add origin https://github.com/npmbd/os-intro.git
itmametkadihrov@dk6n64 ~/tutorial/laboratory $ git push -u origin main
error: src refspec main does not match any
error: не удалось отправить некоторые ссылки в «https://github.com/npmbd/os-intro.git»
itmametkadihrov@dk6n64 ~/tutorial/laboratory $ git branch -M main
itmametkadihrov@dk6n64 ~/tutorial/laboratory $ git remote add origin https://github.com/npmbd/os-intro.git
fatal: внешний репозиторий origin уже существует
itmametkadihrov@dk6n64 ~/tutorial/laboratory $ git push -u origin main
Username for 'https://github.com': npmbd
Password for 'https://npmbd@github.com': 
Перечисление объектов: 3, готово.
Подсчет объектов: 100% (3/3), готово.
Запись объектов: 100% (3/3), 245 bytes | 245.00 KiB/s, готово.
Total 3 (delta 0), reused 0 (delta 0), pack-reused 0
To https://github.com/npmbd/os-intro.git
 * [new branch]      main -> main
Ветка «main» отслеживает внешнюю ветку «main» из «origin».
itmametkadihrov@dk6n64 ~/tutorial/laboratory $ wget https://creativecommons.org/licenses/by/4.0/legalcode.txt
--2021-04-22 12:28:59--  https://creativecommons.org/licenses/by/4.0/legalcode.txt
Распознаётся creativecommons.org (creativecommons.org)… 172.67.34.140, 104.20.151.16, 104.20.150.16, ...
Подключение к creativecommons.org (creativecommons.org)|172.67.34.140|:443... соединение установлено.
HTTP-запрос отправлен. Ожидание ответа… 200 OK
Длина: нет данных [text/plain]
Сохранение в: «legalcode.txt»

legalcode.txt                 [ <=>                                  ]  18,22K  --.-KB/s    за 0s      

2021-04-22 12:29:00 (83,1 MB/s) - «legalcode.txt» сохранён [18657]

itmametkadihrov@dk6n64 ~/tutorial/laboratory $ -O LICENSE
bash: -O: команда не найдена
itmametkadihrov@dk6n64 ~/tutorial/laboratory $ curl -L -s https://www.gitignore.io/api/list
1c,1c-bitrix,a-frame,actionscript,ada
adobe,advancedinstaller,adventuregamestudio,agda,al
alteraquartusii,altium,amplify,android,androidstudio
angular,anjuta,ansible,apachecordova,apachehadoop
appbuilder,appceleratortitanium,appcode,appcode+all,appcode+iml
appengine,aptanastudio,arcanist,archive,archives
archlinuxpackages,aspnetcore,assembler,ate,atmelstudio
ats,audio,automationstudio,autotools,autotools+strict
awr,azurefunctions,backup,ballerina,basercms
basic,batch,bazaar,bazel,bitrise
bitrix,bittorrent,blackbox,bloop,bluej
bookdown,bower,bricxcc,buck,c
c++,cake,cakephp,cakephp2,cakephp3
calabash,carthage,certificates,ceylon,cfwheels
chefcookbook,chocolatey,clean,clion,clion+all
clion+iml,clojure,cloud9,cmake,cocoapods
cocos2dx,cocoscreator,code,code-java,codeblocks
codecomposerstudio,codeigniter,codeio,codekit,codesniffer
coffeescript,commonlisp,compodoc,composer,compressed
compressedarchive,compression,conan,concrete5,coq
cordova,craftcms,crashlytics,crbasic,crossbar
crystal,cs-cart,csharp,cuda,cvs
cypressio,d,dart,darteditor,data
database,datarecovery,dbeaver,defold,delphi
dframe,diff,direnv,diskimage,django
dm,docfx,docpress,docz,dotenv
dotfilessh,dotnetcore,dotsettings,dreamweaver,dropbox
drupal,drupal7,drupal8,e2studio,eagle
easybook,eclipse,eiffelstudio,elasticbeanstalk,elisp
elixir,elm,emacs,ember,ensime
episerver,erlang,espresso,executable,exercism
expressionengine,extjs,fancy,fastlane,finale
firebase,flashbuilder,flask,flatpak,flex
flexbuilder,floobits,flutter,font,fontforge
forcedotcom,forgegradle,fortran,freepascal,fsharp
fuelphp,fusetools,games,gcov,genero4gl
geth,ggts,gis,git,gitbook
go,godot,goodsync,gpg,gradle
grails,greenfoot,groovy,grunt,gwt
haskell,helm,hexo,hol,homeassistant
homebrew,hsp,hugo,hyperledgercomposer,iar
iar_ewarm,iarembeddedworkbench,idapro,idris,igorpro
images,infer,inforcms,inforcrm,intellij
intellij+all,intellij+iml,ionic3,jabref,java
java-web,jboss,jboss-4-2-3-ga,jboss-6-x,jboss4
jboss6,jdeveloper,jekyll,jenv,jetbrains
jetbrains+all,jetbrains+iml,jgiven,jigsaw,jmeter
joe,joomla,jspm,julia,jupyternotebooks
justcode,kate,kdevelop4,kdiff3,keil
kentico,kicad,kirby2,kobalt,kohana
komodoedit,konyvisualizer,kotlin,labview,labviewnxg
lamp,laravel,latex,lazarus,leiningen
lemonstand,less,liberosoc,librarian-chef,libreoffice
lilypond,linux,lithium,localstack,logtalk
lsspice,ltspice,lua,lyx,m2e
macos,magento,magento1,magento2,magic-xpa
matlab,maven,mavensmate,mdbook,mean
mercurial,mercury,meson,metals,metaprogrammingsystem
meteor,meteorjs,microsoftoffice,mikroc,moban
modelsim,modx,momentics,monodevelop,mplabx
mule,nanoc,nativescript,ncrunch,nesc
netbeans,nette,nikola,nim,ninja
node,nodechakratimetraveldebug,nohup,notepadpp,nova
now,nuxt,nuxtjs,nwjs,objective-c
ocaml,octave,octobercms,opa,opencart
opencv,openfoam,openframeworks,openframeworks+visualstudio,oracleforms
orcad,osx,otto,oxideshop,oxygenxmleditor
packer,particle,patch,pawn,perl
perl6,ph7cms,phalcon,phoenix,phpcodesniffer
phpstorm,phpstorm+all,phpstorm+iml,phpunit,pico8
pimcore,pimcore4,pimcore5,pinegrow,platformio
playframework,plone,polymer,powershell,premake-gmake
prepros,prestashop,processing,progressabl,psoccreator
puppet,puppet-librarian,purebasic,purescript,putty
pvs,pycharm,pycharm+all,pycharm+iml,pydev
python,qml,qooxdoo,qt,qtcreator
r,racket,rails,react,reactnative
reasonml,red,redcar,redis,retool
rhodesrhomobile,rider,root,ros,ruby
rubymine,rubymine+all,rubymine+iml,rust,salesforce
salesforcedx,sam,sas,sass,sbt
scala,scheme,scons,scrivener,sdcc
seamgen,senchatouch,serverless,shopware,silverstripe
sketchup,slickedit,smalltalk,snap,snapcraft
solidity,soliditytruffle,sonar,sonarqube,sourcepawn
spark,splunk,spreadsheet,ssh,standardml
stata,stdlib,stella,stellar,storybookjs
strapi,stylus,sublimetext,sugarcrm,svn
swift,swiftpackagemanager,swiftpm,symfony,symphonycms
synology,synopsysvcs,tags,tarmainstallmate,terraform
terragrunt,test,testcomplete,testinfra,tex
text,textmate,textpattern,theos-tweak,thinkphp
tla+,tortoisegit,tower,turbogears2,twincat3
tye,typings,typo3,typo3-composer,umbraco
unity,unrealengine,vaadin,vagrant,valgrind
vapor,venv,vertx,video,vim
virtualenv,virtuoso,visualstudio,visualstudiocode,vivado
Отмена коммита из-за пустого сообщения коммита.
itmametkadihrov@dk6n64 ~/tutorial/laboratory $ git push
Username for 'https://github.com': npmbd
Password for 'https://npmbd@github.com': 
Everything up-to-date
itmametkadihrov@dk6n64 ~/tutorial/laboratory $ git flow init
Fatal: Index contains uncommited changes. Aborting.
itmametkadihrov@dk6n64 ~/tutorial/laboratory $ git branch







itmametkadihrov@dk6n64 ~/tutorial/laboratory $ git branch
itmametkadihrov@dk6n64 ~/tutorial/laboratory $ git flow release start 1.0.0
Fatal: Not a gitflow-enabled repo yet. Please run 'git flow init' first.
itmametkadihrov@dk6n64 ~/tutorial/laboratory $ git flow init
Fatal: Index contains uncommited changes. Aborting.
itmametkadihrov@dk6n64 ~/tutorial/laboratory $ git flow release start 1.0.0
Fatal: Not a gitflow-enabled repo yet. Please run 'git flow init' first.
itmametkadihrov@dk6n64 ~/tutorial/laboratory $ git flow init v
Unknown subcommand: 'v'
использование: git flow init

            Initialize a new git repo with support for the branching model.

            For more specific help type the command followed by --help

itmametkadihrov@dk6n64 ~/tutorial/laboratory $ git flow init v.
Unknown subcommand: 'v.'
использование: git flow init

            Initialize a new git repo with support for the branching model.

            For more specific help type the command followed by --help

itmametkadihrov@dk6n64 ~/tutorial/laboratory $ git flow init
Fatal: Index contains uncommited changes. Aborting.
itmametkadihrov@dk6n64 ~/tutorial/laboratory $ v
bash: v: команда не найдена
itmametkadihrov@dk6n64 ~/tutorial/laboratory $ cd tutorial
bash: cd: tutorial: Нет такого файла или каталога
itmametkadihrov@dk6n64 ~/tutorial/laboratory $ cd
itmametkadihrov@dk6n64 ~ $ cd tutorial
itmametkadihrov@dk6n64 ~/tutorial $ git flow init

Which branch should be used for bringing forth production releases?
   - main
Branch name for production releases: [main] v
Fatal: Local branch 'v' does not exist.
itmametkadihrov@dk6n64 ~/tutorial $ git flow init

Which branch should be used for bringing forth production releases?
   - main
Branch name for production releases: [main] git branch
Fatal: Local branch 'git branch' does not exist.
itmametkadihrov@dk6n64 ~/tutorial $ git flow init

Which branch should be used for bringing forth production releases?
   - main
Branch name for production releases: [main] os-intro
Fatal: Local branch 'os-intro' does not exist.
itmametkadihrov@dk6n64 ~/tutorial $ git flow init

Which branch should be used for bringing forth production releases?
   - main
Branch name for production releases: [main] laboratory
Fatal: Local branch 'laboratory' does not exist.
itmametkadihrov@dk6n64 ~/tutorial $ git flow init -f

Which branch should be used for bringing forth production releases?
   - main
Branch name for production releases: [main] 
Branch name for "next release" development: [develop] 

How to name your supporting branch prefixes?
Feature branches? [feature/] v
Bugfix branches? [bugfix/] 
Release branches? [release/] 
Hotfix branches? [hotfix/] 
Support branches? [support/] 
Version tag prefix? [] v
Hooks and filters directory? [/afs/.dk.sci.pfu.edu.ru/home/i/t/itmametkadihrov/tutorial/.git/hooks] 
itmametkadihrov@dk6n64 ~/tutorial $ git branch
itmametkadihrov@dk6n64 ~/tutorial $ git flow release start 1.0.0
Переключено на новую ветку «release/1.0.0»

Summary of actions:
- A new branch 'release/1.0.0' was created, based on 'develop'
- You are now on branch 'release/1.0.0'

Follow-up actions:
- Bump the version number now!
- Start committing last-minute fixes in preparing your release
- When done, run:

     git flow release finish '1.0.0'

itmametkadihrov@dk6n64 ~/tutorial $ echo "1.0.0" >> VERSION
itmametkadihrov@dk6n64 ~/tutorial $ git add .
warning: добавление встроенного git репозитория: laboratory
подсказка: You've added another git repository inside your current repository.
подсказка: Clones of the outer repository will not contain the contents of
подсказка: the embedded repository and will not know how to obtain it.
подсказка: If you meant to add a submodule, use:
подсказка: 
подсказка:      git submodule add <url> laboratory
подсказка: 
подсказка: If you added this path by mistake, you can remove it from the
подсказка: index with:
подсказка: 
подсказка:      git rm --cached laboratory
подсказка: 
подсказка: See "git help submodule" for more information.
itmametkadihrov@dk6n64 ~/tutorial $ git commit -am 'chore(main): add version'
[release/1.0.0 011b8c8] chore(main): add version
 3 files changed, 106 insertions(+)
 create mode 100644 .gitignore
 create mode 100644 VERSION
 create mode 160000 laboratory
itmametkadihrov@dk6n64 ~/tutorial $ git flow release finish 1.0.0
warning: unable to rmdir 'laboratory': Каталог не пуст
Переключено на ветку «main»
Ваша ветка обновлена в соответствии с «origin/main».
Merge made by the 'recursive' strategy.
 .gitignore | 104 ++++++++++++++++++++++++++++++++++++++++++++++++++++++++++++++++++++++++++++++++++++++++++++++++++++++++
 VERSION    |   1 +
 laboratory |   1 +
 3 files changed, 106 insertions(+)
 create mode 100644 .gitignore
 create mode 100644 VERSION
 create mode 160000 laboratory
M       laboratory
Уже на «main»
Ваша ветка опережает «origin/main» на 2 коммита.
  (используйте «git push», чтобы опубликовать ваши локальные коммиты)
fatal: нет описания метки?
Fatal: Tagging failed. Please run finish again to retry.
itmametkadihrov@dk6n64 ~/tutorial $ git push --all
Username for 'https://github.com': npmbd
Password for 'https://npmbd@github.com': 
Перечисление объектов: 6, готово.
Подсчет объектов: 100% (6/6), готово.
При сжатии изменений используется до 6 потоков
Сжатие объектов: 100% (4/4), готово.
Запись объектов: 100% (5/5), 975 bytes | 975.00 KiB/s, готово.
Total 5 (delta 1), reused 0 (delta 0), pack-reused 0
remote: Resolving deltas: 100% (1/1), done.
To https://github.com/npmbd/lab02.git
   0e1e045..1f9b102  main -> main
 * [new branch]      develop -> develop
 * [new branch]      release/1.0.0 -> release/1.0.0
itmametkadihrov@dk6n64 ~/tutorial $ git push --tags
Username for 'https://github.com': npmbd
Password for 'https://npmbd@github.com': 
Everything up-to-date
itmametkadihrov@dk6n64 ~/tutorial $ 
